Circuit: * D:\Projekte\UltraZohm\Work_Altium\uz_a_max11331\Work_LTspice\Boost_and_Diff_OpAmp\MAX11331_Rev01.asc

Early termination of direct N-R iteration.
Direct Newton iteration failed to find .op point.  (Use ".option noopiter" to skip.)
Starting Gmin stepping
Gmin = 10
Gmin = 1.07374
Gmin = 0.115292
Gmin = 0.0123794
Gmin = 0.00132923
vernier = 0.5
vernier = 0.25
vernier = 0.125
vernier = 0.0625
Gmin = 0.00100083
vernier = 0.03125
vernier = 0.015625
vernier = 0.0078125
vernier = 0.00390625
vernier = 0.00195313
Gmin = 0.00100083
vernier = 0.000976563
vernier = 0.000488281
Gmin = 0
Gmin stepping failed

Starting source stepping with srcstepmethod=0
Source Step = 3.0303%
Source Step = 9.84848%
Source Step = 17.4242%
Source Step = 25%
Source Step = 29.5455%
vernier = 0.015625
Source Step = 29.8295%
Source Step = 30.303%
Source Step = 30.4421%
Source Step = 30.4717%
Source Step = 30.5013%
Source Step = 30.5309%
Source Step = 30.5605%
Source Step = 30.5901%
Source Step = 30.6197%
vernier = 0.00146484
Source Step = 30.6626%
Source Step = 30.707%
Source Step = 30.7514%
Source Step = 30.7958%
Source Step = 30.8401%
vernier = 0.00219727
Source Step = 30.9023%
Source Step = 30.9689%
Source Step = 31.0355%
Source Step = 31.102%
Source Step = 31.1686%
vernier = 0.0032959
Source Step = 31.2585%
Source Step = 31.3584%
Source Step = 31.4583%
Source Step = 31.5581%
Source Step = 31.658%
vernier = 0.00494385
Source Step = 31.7878%
Source Step = 31.9377%
Source Step = 32.0875%
Source Step = 32.2373%
Source Step = 32.3871%
vernier = 0.00741577
Source Step = 32.5744%
Source Step = 32.7991%
Source Step = 33.0238%
Source Step = 33.2485%
Source Step = 33.4733%
vernier = 0.0111237
Source Step = 33.7429%
Source Step = 34.08%
Source Step = 34.4171%
Source Step = 34.7542%
Source Step = 35.0912%
vernier = 0.0166855
Source Step = 35.4789%
Source Step = 35.9845%
Source Step = 36.4901%
Source Step = 36.9957%
Source Step = 37.5014%
vernier = 0.0250282
Source Step = 38.0575%
Source Step = 38.816%
Source Step = 39.5744%
Source Step = 40.3328%
Source Step = 41.0913%
vernier = 0.0375423
Source Step = 41.8876%
Source Step = 43.0253%
Source Step = 44.1629%
Source Step = 45.3006%
Source Step = 46.4382%
Source Step = 47.5759%
vernier = 0.0563135
Source Step = 49.2823%
Source Step = 50.9888%
Source Step = 52.6953%
Source Step = 54.4017%
Source Step = 56.1082%
vernier = 0.0844703
Source Step = 58.5826%
Source Step = 61.1423%
Source Step = 63.702%
Source Step = 65.8138%
Source Step = 66.0257%
Source Step = 66.0657%
Source Step = 66.1057%
Source Step = 66.1457%
Source Step = 66.1857%
Source Step = 66.2257%
Source Step = 66.2657%
Source Step = 66.3057%
Source Step = 66.3457%
Source Step = 66.3857%
Source Step = 66.4257%
Source Step = 66.4657%
vernier = 0.00197977
Source Step = 66.5237%
Source Step = 66.5837%
Source Step = 66.6437%
Source Step = 66.7037%
Source Step = 66.7636%
vernier = 0.00296966
Source Step = 66.8476%
Source Step = 66.9376%
Source Step = 67.0276%
Source Step = 67.1176%
Source Step = 67.2076%
vernier = 0.00445449
Source Step = 67.3291%
Source Step = 67.4641%
Source Step = 67.5991%
Source Step = 67.734%
Source Step = 67.869%
vernier = 0.00668173
Source Step = 68.0445%
Source Step = 68.247%
Source Step = 68.4495%
Source Step = 68.6519%
Source Step = 68.8544%
vernier = 0.0100226
Source Step = 69.1075%
Source Step = 69.4112%
Source Step = 69.7149%
Source Step = 70.0186%
Source Step = 70.3224%
vernier = 0.0150339
Source Step = 70.6868%
Source Step = 71.1424%
Source Step = 71.598%
Source Step = 71.7147%
Starting source stepping with srcstepmethod=1
Source Step = 3.0303%
Source Step = 33.3333%
Source Step = 63.6364%
Source Step = 93.9394%
Source Step = 100%
Source Step = 99.0118%
Source stepping failed

Pseudo transient terminated at 100.786 s, solution accepted ready or not!

Date: Mon Nov 28 09:05:09 2022
Total elapsed time: 99.886 seconds.

tnom = 27
temp = 27
method = modified trap
totiter = 161558
traniter = 4420
tranpoints = 2169
accept = 2082
rejected = 2755
matrix size = 638
fillins = 1969
solver = Normal
Thread vector: 80.5/46.7[8] 37.1/27.8[5] 20.5/13.6[8] 4.3/9.2[1]  2592/500
Matrix Compiler1: 210.99 KB object code size  155.8/73.4/[28.5]
Matrix Compiler2: 90.69 KB object code size  23.6/19.9/[11.6]

