Circuit: * D:\Projekte\UltraZohm\Work_LTspice\UZ_A_MAX11331_Simulations\Instrumentationamplifier\MAX11331_Rev01.asc

WARNING: Node N002 is floating.
WARNING: Node N004 is floating.

Direct Newton iteration for .op point succeeded.
Ignoring empty pin current: Ix(_u1:100)
Ignoring empty pin current: Ix(_u1:101)
Ignoring empty pin current: Ix(_u1:102)
Ignoring empty pin current: Ix(_u1:103)
Ignoring empty pin current: Ix(_u1:104)
Ignoring empty pin current: Ix(_u1:100)
Ignoring empty pin current: Ix(_u1:101)
Ignoring empty pin current: Ix(_u1:102)
Ignoring empty pin current: Ix(_u1:103)
Ignoring empty pin current: Ix(_u1:104)

Date: Tue Oct 25 15:41:37 2022
Total elapsed time: 0.163 seconds.

tnom = 27
temp = 27
method = trap
totiter = 21
traniter = 0
tranpoints = 0
accept = 0
rejected = 0
matrix size = 289
fillins = 380
solver = Normal
Matrix Compiler1:    2121 opcodes
Matrix Compiler2: 30.38 KB object code size
